// Jest Snapshot v1, https://goo.gl/fbAQLP

exports[`tela Ã© renderizada corretamente 1`] = `[Function]`;
